[backblue.gif]
[fade.gif]
[index.html]
[schema.geolink.org/1.0/base/main.owl]
[schema.geolink.org/index.html]
[schema.geolink.org/bootstrap/fonts/glyphicons-halflings-regular.eot]
[schema.geolink.org/bootstrap/fonts/glyphicons-halflings-regulard41d.eot]
[schema.geolink.org/bootstrap/fonts/glyphicons-halflings-regular.woff]
[schema.geolink.org/bootstrap/fonts/glyphicons-halflings-regular.ttf]
[schema.geolink.org/bootstrap/css/bootstrap.css]
[schema.geolink.org/css/starter-template.css]
[schema.geolink.org/patterns/core/main-pattern-collections.pdf]
[schema.geolink.org/1.0/pattern/agentrole.owl]
[schema.geolink.org/1.0/pattern/cruise.owl]
[schema.geolink.org/1.0/pattern/event.owl]
[schema.geolink.org/1.0/pattern/fundingaward.owl]
[schema.geolink.org/1.0/pattern/identifier.owl]
[schema.geolink.org/1.0/pattern/informationobject.owl]
[schema.geolink.org/1.0/pattern/organization.owl]
[schema.geolink.org/1.0/pattern/person.owl]
[schema.geolink.org/1.0/pattern/personname.owl]
[schema.geolink.org/1.0/pattern/physicalsample.owl]
[schema.geolink.org/1.0/pattern/place.owl]
[schema.geolink.org/1.0/pattern/platform.owl]
[schema.geolink.org/1.0/pattern/program.owl]
[schema.geolink.org/1.0/pattern/propertyvalue.owl]
[schema.geolink.org/1.0/pattern/trajectory.owl]
[schema.geolink.org/patterns/index.html]
[schema.geolink.org/1.0/pattern/vessel.owl]
[schema.geolink.org/1.0/voc/local.owl]
[schema.geolink.org/1.0/voc/dataone/format.owl]
[schema.geolink.org/1.0/voc/gebco/featuretype.owl]
[schema.geolink.org/1.0/voc/nvs/L05.owl]
[schema.geolink.org/1.0/voc/nvs/L06.owl]
[schema.geolink.org/1.0/voc/nvs/L22.owl]
[schema.geolink.org/1.0/voc/nvs/P02.owl]
[schema.geolink.org/1.0/voc/nvs/P03.owl]
[schema.geolink.org/1.0/voc/nvs/C17.owl]
[schema.geolink.org/voc/index.html]
[schema.geolink.org/1.0/base/main.html]
[schema.geolink.org/bootstrap/fonts/glyphicons-halflings-regular.svg]
[schema.geolink.org/1.0/pattern/agentrole.html]
[schema.geolink.org/1.0/pattern/cruise.html]
[schema.geolink.org/1.0/pattern/event.html]
[schema.geolink.org/1.0/pattern/fundingaward.html]
[schema.geolink.org/1.0/pattern/identifier.html]
[schema.geolink.org/1.0/pattern/informationobject.html]
[schema.geolink.org/1.0/pattern/organization.html]
[schema.geolink.org/1.0/pattern/person.html]
[schema.geolink.org/1.0/pattern/personname.html]
[schema.geolink.org/1.0/pattern/physicalsample.html]
[schema.geolink.org/1.0/pattern/place.html]
[schema.geolink.org/1.0/pattern/platform.html]
[schema.geolink.org/1.0/pattern/program.html]
[schema.geolink.org/1.0/pattern/propertyvalue.html]
[schema.geolink.org/1.0/pattern/trajectory.html]
[schema.geolink.org/1.0/pattern/vessel.html]
[schema.geolink.org/dev/voc/local.html]
[schema.geolink.org/1.0/voc/local.html]
[schema.geolink.org/1.0/voc/dataone/format.html]
[schema.geolink.org/1.0/voc/gebco/featuretype.html]
[schema.geolink.org/1.0/voc/nvs/L05.html]
[schema.geolink.org/1.0/voc/nvs/L06.html]
[schema.geolink.org/1.0/voc/nvs/L22.html]
[schema.geolink.org/1.0/voc/nvs/P01.html]
[schema.geolink.org/1.0/voc/nvs/P01-2.html]
[schema.geolink.org/1.0/voc/nvs/P02.html]
[schema.geolink.org/1.0/voc/nvs/P03.html]
